------------------------------------------------------------
Timing Analyzer Summary
------------------------------------------------------------

Type  : Slow 1100mV 85C Model Setup 'clk'
Slack : -2.987
TNS   : -802.118

Type  : Slow 1100mV 85C Model Hold 'clk'
Slack : 0.360
TNS   : 0.000

Type  : Slow 1100mV 85C Model Minimum Pulse Width 'clk'
Slack : -0.394
TNS   : -160.385

Type  : Slow 1100mV 0C Model Setup 'clk'
Slack : -2.935
TNS   : -787.612

Type  : Slow 1100mV 0C Model Hold 'clk'
Slack : 0.380
TNS   : 0.000

Type  : Slow 1100mV 0C Model Minimum Pulse Width 'clk'
Slack : -0.394
TNS   : -171.445

Type  : Fast 1100mV 85C Model Setup 'clk'
Slack : -1.236
TNS   : -307.864

Type  : Fast 1100mV 85C Model Hold 'clk'
Slack : 0.178
TNS   : 0.000

Type  : Fast 1100mV 85C Model Minimum Pulse Width 'clk'
Slack : -0.088
TNS   : -23.937

Type  : Fast 1100mV 0C Model Setup 'clk'
Slack : -1.069
TNS   : -263.752

Type  : Fast 1100mV 0C Model Hold 'clk'
Slack : 0.169
TNS   : 0.000

Type  : Fast 1100mV 0C Model Minimum Pulse Width 'clk'
Slack : -0.084
TNS   : -23.602

------------------------------------------------------------
