------------------------------------------------------------
Timing Analyzer Summary
------------------------------------------------------------

Type  : Slow 1100mV 85C Model Setup 'clk'
Slack : 2.449
TNS   : 0.000

Type  : Slow 1100mV 85C Model Hold 'clk'
Slack : 0.356
TNS   : 0.000

Type  : Slow 1100mV 85C Model Minimum Pulse Width 'clk'
Slack : 2.881
TNS   : 0.000

Type  : Slow 1100mV 0C Model Setup 'clk'
Slack : 2.591
TNS   : 0.000

Type  : Slow 1100mV 0C Model Hold 'clk'
Slack : 0.333
TNS   : 0.000

Type  : Slow 1100mV 0C Model Minimum Pulse Width 'clk'
Slack : 2.804
TNS   : 0.000

Type  : Fast 1100mV 85C Model Setup 'clk'
Slack : 4.165
TNS   : 0.000

Type  : Fast 1100mV 85C Model Hold 'clk'
Slack : 0.198
TNS   : 0.000

Type  : Fast 1100mV 85C Model Minimum Pulse Width 'clk'
Slack : 2.923
TNS   : 0.000

Type  : Fast 1100mV 0C Model Setup 'clk'
Slack : 4.436
TNS   : 0.000

Type  : Fast 1100mV 0C Model Hold 'clk'
Slack : 0.179
TNS   : 0.000

Type  : Fast 1100mV 0C Model Minimum Pulse Width 'clk'
Slack : 2.921
TNS   : 0.000

------------------------------------------------------------
