------------------------------------------------------------
Timing Analyzer Summary
------------------------------------------------------------

Type  : Slow 1100mV 85C Model Setup 'clk'
Slack : -0.230
TNS   : -0.936

Type  : Slow 1100mV 85C Model Hold 'clk'
Slack : 0.240
TNS   : 0.000

Type  : Slow 1100mV 85C Model Minimum Pulse Width 'clk'
Slack : -0.394
TNS   : -2.619

Type  : Slow 1100mV 0C Model Setup 'clk'
Slack : -0.269
TNS   : -1.155

Type  : Slow 1100mV 0C Model Hold 'clk'
Slack : 0.217
TNS   : 0.000

Type  : Slow 1100mV 0C Model Minimum Pulse Width 'clk'
Slack : -0.394
TNS   : -2.835

Type  : Fast 1100mV 85C Model Setup 'clk'
Slack : 0.287
TNS   : 0.000

Type  : Fast 1100mV 85C Model Hold 'clk'
Slack : 0.149
TNS   : 0.000

Type  : Fast 1100mV 85C Model Minimum Pulse Width 'clk'
Slack : -0.078
TNS   : -0.387

Type  : Fast 1100mV 0C Model Setup 'clk'
Slack : 0.310
TNS   : 0.000

Type  : Fast 1100mV 0C Model Hold 'clk'
Slack : 0.134
TNS   : 0.000

Type  : Fast 1100mV 0C Model Minimum Pulse Width 'clk'
Slack : -0.077
TNS   : -0.384

------------------------------------------------------------
