------------------------------------------------------------
Timing Analyzer Summary
------------------------------------------------------------

Type  : Slow 1100mV 85C Model Setup 'clk'
Slack : -0.182
TNS   : -0.182

Type  : Slow 1100mV 85C Model Hold 'clk'
Slack : 0.223
TNS   : 0.000

Type  : Slow 1100mV 85C Model Minimum Pulse Width 'clk'
Slack : -0.394
TNS   : -1.575

Type  : Slow 1100mV 0C Model Setup 'clk'
Slack : -0.207
TNS   : -0.207

Type  : Slow 1100mV 0C Model Hold 'clk'
Slack : 0.209
TNS   : 0.000

Type  : Slow 1100mV 0C Model Minimum Pulse Width 'clk'
Slack : -0.394
TNS   : -1.707

Type  : Fast 1100mV 85C Model Setup 'clk'
Slack : 0.302
TNS   : 0.000

Type  : Fast 1100mV 85C Model Hold 'clk'
Slack : 0.127
TNS   : 0.000

Type  : Fast 1100mV 85C Model Minimum Pulse Width 'clk'
Slack : -0.081
TNS   : -0.242

Type  : Fast 1100mV 0C Model Setup 'clk'
Slack : 0.332
TNS   : 0.000

Type  : Fast 1100mV 0C Model Hold 'clk'
Slack : 0.117
TNS   : 0.000

Type  : Fast 1100mV 0C Model Minimum Pulse Width 'clk'
Slack : -0.079
TNS   : -0.235

------------------------------------------------------------
